// Jest Snapshot v1, https://goo.gl/fbAQLP

exports[`should render ExpenseList item with data 1`] = `
<div>
  <Link
    replace={false}
    to="/edit/2"
  >
    <h3>
      gas
    </h3>
  </Link>
  <p>
    â‚¬2,00
    -
    December 28th, 1969
  </p>
</div>
`;
