// Jest Snapshot v1, https://goo.gl/fbAQLP

exports[`should render ExpenseList with NO expenses 1`] = `
<div>
  <h1>
    Expense List
  </h1>
  <p>
     No expenses 
  </p>
</div>
`;

exports[`should render ExpenseList with expenses 1`] = `
<div>
  <h1>
    Expense List
  </h1>
  <ExpenseListItem
    amount={100}
    createdAt={0}
    description="rent"
    id={1}
    key="1"
    note="Note 1"
  />
  <ExpenseListItem
    amount={200}
    createdAt={-345600000}
    description="gas"
    id={2}
    key="2"
    note="Note 2"
  />
  <ExpenseListItem
    amount={300}
    createdAt={345600000}
    description="water"
    id={3}
    key="3"
    note="Note 3"
  />
</div>
`;
